// Jest Snapshot v1, https://goo.gl/fbAQLP

exports[`snapshot Default should render correctly 1`] = `
<DocumentFragment>
  <div
    style="width: 350px;"
  >
    <form>
      <div
        class="sc-hKMtZM eOlEBc sc-gKXOVf hIWLdE"
      >
        <label
          for="id1"
        >
          <p
            class="Text__StyledP-sc-5vvbrk-0 Text___StyledStyledP-sc-5vvbrk-1  dUAuAw"
          >
            label1
          </p>
        </label>
        <div
          class="sc-eCYdqJ kVYsYd"
        >
          <input
            class="Input__StyledInput-sc-1uzn9jx-0 Input___StyledStyledInput-sc-1uzn9jx-1 iioXxK ihOHkk"
            id="id1"
            name="id1"
            placeholder="Number"
            type="number"
            value="5"
          />
        </div>
      </div>
      <div
        class="sc-hKMtZM eOlEBc sc-gKXOVf hIWLdE"
      >
        <label
          for="id2"
        >
          <p
            class="Text__StyledP-sc-5vvbrk-0 Text___StyledStyledP-sc-5vvbrk-1  dUAuAw"
          >
            label2
          </p>
        </label>
        <div
          class="sc-eCYdqJ kVYsYd"
        >
          <input
            class="Input__StyledInput-sc-1uzn9jx-0 Input___StyledStyledInput-sc-1uzn9jx-1 iioXxK ihOHkk"
            id="id2"
            name="id2"
            placeholder="Number"
            type="number"
            value="5"
          />
        </div>
      </div>
      <div
        class="sc-hKMtZM eOlEBc sc-gKXOVf hIWLdE"
      >
        <label
          for="id3"
        >
          <p
            class="Text__StyledP-sc-5vvbrk-0 Text___StyledStyledP-sc-5vvbrk-1  dUAuAw"
          >
            label3
          </p>
        </label>
        <div
          class="sc-eCYdqJ kVYsYd"
        >
          <input
            class="Input__StyledInput-sc-1uzn9jx-0 Input___StyledStyledInput-sc-1uzn9jx-1 iioXxK ihOHkk"
            id="id3"
            name="id3"
            placeholder="Number"
            type="number"
            value="5"
          />
        </div>
      </div>
      <button
        class="Button__StyledButton-sc-mes1hd-0 Button___StyledStyledButton-sc-mes1hd-1 fxBFHR cFTvDQ sc-iBkjds bbiPIP"
        type="button"
      >
        button
      </button>
    </form>
  </div>
</DocumentFragment>
`;
