// Jest Snapshot v1, https://goo.gl/fbAQLP

exports[`SpConsole snapshot 1`] = `
<DocumentFragment>
  <div
    class="sc-gSAPjG jYfoQm"
  >
    <nav
      class="sc-iNWwEs hgDHxE"
    >
      <button
        class="Button__StyledButton-sc-mes1hd-0 Button___StyledStyledButton-sc-mes1hd-1 fxBFHR bjpYcn"
        type="button"
      >
        <span
          class="material-icons"
        >
          notifications
        </span>
      </button>
      <button
        class="Button__StyledButton-sc-mes1hd-0 Button___StyledStyledButton-sc-mes1hd-1 fxBFHR bjpYcn"
        type="button"
      >
        <span
          class="material-icons"
        >
          help
        </span>
      </button>
      <button
        class="Button__StyledButton-sc-mes1hd-0 Button___StyledStyledButton-sc-mes1hd-1 fxBFHR dMoJvg"
        type="button"
      >
        <span
          class="material-icons"
        >
          settings
        </span>
      </button>
      <button
        class="Button__StyledButton-sc-mes1hd-0 Button___StyledStyledButton-sc-mes1hd-1 fxBFHR bjpYcn"
        type="button"
      >
        <span />
      </button>
      <button
        class="Button__StyledButton-sc-mes1hd-0 Button___StyledStyledButton-sc-mes1hd-1 fxBFHR bjpYcn"
        type="button"
      >
        <span
          class="material-icons"
        >
          login
        </span>
      </button>
    </nav>
  </div>
  <div
    class="sc-lbxAil kCviSV"
  />
</DocumentFragment>
`;
