// Jest Snapshot v1, https://goo.gl/fbAQLP

exports[`snapshot Default should render correctly 1`] = `
<DocumentFragment>
  <div
    class="Paper__StyledDiv-sc-eiawt3-0 Paper___StyledStyledDiv-sc-eiawt3-1 mEzeE gInPLh"
  >
    <label
      for="cycle"
    >
      <p
        class="Text__StyledP-sc-5vvbrk-0 Text___StyledStyledP-sc-5vvbrk-1  gsnPvW"
      >
        <span
          class="material-icons md-18 md-dark"
        >
          timer
        </span>
         Number of Cycle
      </p>
      <p
        class="Text__StyledP-sc-5vvbrk-0 Text___StyledStyledP-sc-5vvbrk-1  eXQbtw"
      >
        * 1-10
      </p>
    </label>
    <div
      class="sc-hKMtZM gKYfnG"
    >
      <input
        class="Input__StyledInput-sc-1uzn9jx-0 Input___StyledStyledInput-sc-1uzn9jx-1 iioXxK hquitd"
        id="cycle"
        name="cycle"
        placeholder="Number"
        type="number"
        value="25"
      />
      <button
        class="Button__StyledButton-sc-mes1hd-0 Button___StyledStyledButton-sc-mes1hd-1 fxBFHR kQFxcF"
        type="button"
      >
        <span
          class="material-icons"
        >
          keyboard_arrow_right
        </span>
      </button>
      <p
        class="Text__StyledP-sc-5vvbrk-0 Text___StyledStyledP-sc-5vvbrk-1  jisIAs sc-eCYdqJ cYIKpc"
      >
        <span
          class="material-icons md-10"
        >
          cancel
        </span>
        error
      </p>
    </div>
  </div>
</DocumentFragment>
`;
