// Jest Snapshot v1, https://goo.gl/fbAQLP

exports[`snapshot Default should render correctly 1`] = `
<DocumentFragment>
  <div
    style="width: 400px;"
  >
    <div
      class="Paper__StyledDiv-sc-eiawt3-0 Paper___StyledStyledDiv-sc-eiawt3-1 mEzeE jtvgsP"
    >
      <div
        class="sc-dIouRR jYhJmc"
      >
        <p
          class="Text__StyledP-sc-5vvbrk-0 Text___StyledStyledP-sc-5vvbrk-1  hdfbys"
        >
          Custum Timer Edit
        </p>
        <div
          class="sc-bczRLJ ehiAyy"
        >
          <span
            class="sc-gsnTZi clrkUc"
          />
          <select
            class="sc-dkzDqf bgaUQm"
          >
            <option
              value="0"
            >
              option1
            </option>
          </select>
        </div>
      </div>
      <form
        class="sc-hHLeRK encrpH"
      >
        <div
          class="sc-eCYdqJ fzrjjp sc-bjUoiL hqfLfI"
        >
          <label
            for="test"
          >
            <p
              class="Text__StyledP-sc-5vvbrk-0 Text___StyledStyledP-sc-5vvbrk-1  dUAuAw"
            >
              test
            </p>
          </label>
          <div
            class="sc-jSMfEi mQLUn"
          >
            <input
              class="Input__StyledInput-sc-1uzn9jx-0 Input___StyledStyledInput-sc-1uzn9jx-1 iioXxK ihOHkk"
              id="test"
              name="test"
              placeholder="Number"
              type="number"
              value="1"
            />
          </div>
        </div>
        <button
          class="Button__StyledButton-sc-mes1hd-0 Button___StyledStyledButton-sc-mes1hd-1 fxBFHR cFTvDQ sc-idiyUo hFijbx"
          type="button"
        >
          UPDATE
        </button>
      </form>
    </div>
  </div>
</DocumentFragment>
`;
