// Jest Snapshot v1, https://goo.gl/fbAQLP

exports[`snapshot Default should render correctly 1`] = `
<DocumentFragment>
  <ul
    class="sc-hKMtZM fpRUCO"
  >
    <li
      class="sc-eCYdqJ cFmtgd"
    >
      <p
        class="Text__StyledP-sc-5vvbrk-0 Text___StyledStyledP-sc-5vvbrk-1  hdfbys sc-jSMfEi hXOZLi"
      >
        タイトル1 タイトル1 タイトル1 タイトル1 タイトル1 タイトル1 タイトル1 タイトル1 タイトル1 タイトル1 
      </p>
      <div
        class="sc-gKXOVf leZrje"
      >
        <button
          class="Button__StyledButton-sc-mes1hd-0 Button___StyledStyledButton-sc-mes1hd-1 fxBFHR gDeoTZ"
          type="button"
        >
          <span
            class="material-icons md-18"
          >
            edit
          </span>
        </button>
        <button
          class="Button__StyledButton-sc-mes1hd-0 Button___StyledStyledButton-sc-mes1hd-1 fxBFHR gDeoTZ"
          type="button"
        >
          <span
            class="material-icons md-18"
          >
            delete
          </span>
        </button>
      </div>
    </li>
    <li
      class="sc-eCYdqJ cFmtgd"
    >
      <p
        class="Text__StyledP-sc-5vvbrk-0 Text___StyledStyledP-sc-5vvbrk-1  hdfbys sc-jSMfEi hXOZLi"
      >
        タイトル2 タイトル2 タイトル2 タイトル2 タイトル2 タイトル2 タイトル2 タイトル2 タイトル2 タイトル2 
      </p>
      <div
        class="sc-gKXOVf leZrje"
      >
        <button
          class="Button__StyledButton-sc-mes1hd-0 Button___StyledStyledButton-sc-mes1hd-1 fxBFHR gDeoTZ"
          type="button"
        >
          <span
            class="material-icons md-18"
          >
            edit
          </span>
        </button>
        <button
          class="Button__StyledButton-sc-mes1hd-0 Button___StyledStyledButton-sc-mes1hd-1 fxBFHR gDeoTZ"
          type="button"
        >
          <span
            class="material-icons md-18"
          >
            delete
          </span>
        </button>
      </div>
    </li>
    <li
      class="sc-eCYdqJ cFmtgd"
    >
      <p
        class="Text__StyledP-sc-5vvbrk-0 Text___StyledStyledP-sc-5vvbrk-1  hdfbys sc-jSMfEi hXOZLi"
      >
        タイトル3 タイトル3 タイトル3 タイトル3 タイトル3 タイトル3 タイトル3 タイトル3 タイトル3 タイトル3 
      </p>
      <div
        class="sc-gKXOVf leZrje"
      >
        <button
          class="Button__StyledButton-sc-mes1hd-0 Button___StyledStyledButton-sc-mes1hd-1 fxBFHR gDeoTZ"
          type="button"
        >
          <span
            class="material-icons md-18"
          >
            edit
          </span>
        </button>
        <button
          class="Button__StyledButton-sc-mes1hd-0 Button___StyledStyledButton-sc-mes1hd-1 fxBFHR gDeoTZ"
          type="button"
        >
          <span
            class="material-icons md-18"
          >
            delete
          </span>
        </button>
      </div>
    </li>
    <li
      class="sc-eCYdqJ cFmtgd"
    >
      <p
        class="Text__StyledP-sc-5vvbrk-0 Text___StyledStyledP-sc-5vvbrk-1  hdfbys sc-jSMfEi hXOZLi"
      >
        タイトル4 タイトル4 タイトル4 タイトル4 タイトル4 タイトル4 タイトル4 タイトル4 タイトル4 タイトル4 
      </p>
      <div
        class="sc-gKXOVf leZrje"
      >
        <button
          class="Button__StyledButton-sc-mes1hd-0 Button___StyledStyledButton-sc-mes1hd-1 fxBFHR gDeoTZ"
          type="button"
        >
          <span
            class="material-icons md-18"
          >
            edit
          </span>
        </button>
        <button
          class="Button__StyledButton-sc-mes1hd-0 Button___StyledStyledButton-sc-mes1hd-1 fxBFHR gDeoTZ"
          type="button"
        >
          <span
            class="material-icons md-18"
          >
            delete
          </span>
        </button>
      </div>
    </li>
    <li
      class="sc-eCYdqJ cFmtgd"
    >
      <p
        class="Text__StyledP-sc-5vvbrk-0 Text___StyledStyledP-sc-5vvbrk-1  hdfbys sc-jSMfEi hXOZLi"
      >
        タイトル5 タイトル5 タイトル5 タイトル5 タイトル5 タイトル5 タイトル5 タイトル5 タイトル5 タイトル5 
      </p>
      <div
        class="sc-gKXOVf leZrje"
      >
        <button
          class="Button__StyledButton-sc-mes1hd-0 Button___StyledStyledButton-sc-mes1hd-1 fxBFHR gDeoTZ"
          type="button"
        >
          <span
            class="material-icons md-18"
          >
            edit
          </span>
        </button>
        <button
          class="Button__StyledButton-sc-mes1hd-0 Button___StyledStyledButton-sc-mes1hd-1 fxBFHR gDeoTZ"
          type="button"
        >
          <span
            class="material-icons md-18"
          >
            delete
          </span>
        </button>
      </div>
    </li>
    <li
      class="sc-eCYdqJ cFmtgd"
    >
      <p
        class="Text__StyledP-sc-5vvbrk-0 Text___StyledStyledP-sc-5vvbrk-1  hdfbys sc-jSMfEi hXOZLi"
      >
        タイトル6 タイトル6 タイトル6 タイトル6 タイトル6 タイトル6 タイトル6 タイトル6 タイトル6 タイトル6 
      </p>
      <div
        class="sc-gKXOVf leZrje"
      >
        <button
          class="Button__StyledButton-sc-mes1hd-0 Button___StyledStyledButton-sc-mes1hd-1 fxBFHR gDeoTZ"
          type="button"
        >
          <span
            class="material-icons md-18"
          >
            edit
          </span>
        </button>
        <button
          class="Button__StyledButton-sc-mes1hd-0 Button___StyledStyledButton-sc-mes1hd-1 fxBFHR gDeoTZ"
          type="button"
        >
          <span
            class="material-icons md-18"
          >
            delete
          </span>
        </button>
      </div>
    </li>
    <li
      class="sc-eCYdqJ cFmtgd"
    >
      <p
        class="Text__StyledP-sc-5vvbrk-0 Text___StyledStyledP-sc-5vvbrk-1  hdfbys sc-jSMfEi hXOZLi"
      >
        タイトル7 タイトル7 タイトル7 タイトル7 タイトル7 タイトル7 タイトル7 タイトル7 タイトル7 タイトル7 
      </p>
      <div
        class="sc-gKXOVf leZrje"
      >
        <button
          class="Button__StyledButton-sc-mes1hd-0 Button___StyledStyledButton-sc-mes1hd-1 fxBFHR gDeoTZ"
          type="button"
        >
          <span
            class="material-icons md-18"
          >
            edit
          </span>
        </button>
        <button
          class="Button__StyledButton-sc-mes1hd-0 Button___StyledStyledButton-sc-mes1hd-1 fxBFHR gDeoTZ"
          type="button"
        >
          <span
            class="material-icons md-18"
          >
            delete
          </span>
        </button>
      </div>
    </li>
    <li
      class="sc-eCYdqJ cFmtgd"
    >
      <p
        class="Text__StyledP-sc-5vvbrk-0 Text___StyledStyledP-sc-5vvbrk-1  hdfbys sc-jSMfEi hXOZLi"
      >
        タイトル8 タイトル8 タイトル8 タイトル8 タイトル8 タイトル8 タイトル8 タイトル8 タイトル8 タイトル8 
      </p>
      <div
        class="sc-gKXOVf leZrje"
      >
        <button
          class="Button__StyledButton-sc-mes1hd-0 Button___StyledStyledButton-sc-mes1hd-1 fxBFHR gDeoTZ"
          type="button"
        >
          <span
            class="material-icons md-18"
          >
            edit
          </span>
        </button>
        <button
          class="Button__StyledButton-sc-mes1hd-0 Button___StyledStyledButton-sc-mes1hd-1 fxBFHR gDeoTZ"
          type="button"
        >
          <span
            class="material-icons md-18"
          >
            delete
          </span>
        </button>
      </div>
    </li>
    <li
      class="sc-eCYdqJ cFmtgd"
    >
      <p
        class="Text__StyledP-sc-5vvbrk-0 Text___StyledStyledP-sc-5vvbrk-1  hdfbys sc-jSMfEi hXOZLi"
      >
        タイトル9 タイトル9 タイトル9 タイトル9 タイトル9 タイトル9 タイトル9 タイトル9 タイトル9 タイトル9 
      </p>
      <div
        class="sc-gKXOVf leZrje"
      >
        <button
          class="Button__StyledButton-sc-mes1hd-0 Button___StyledStyledButton-sc-mes1hd-1 fxBFHR gDeoTZ"
          type="button"
        >
          <span
            class="material-icons md-18"
          >
            edit
          </span>
        </button>
        <button
          class="Button__StyledButton-sc-mes1hd-0 Button___StyledStyledButton-sc-mes1hd-1 fxBFHR gDeoTZ"
          type="button"
        >
          <span
            class="material-icons md-18"
          >
            delete
          </span>
        </button>
      </div>
    </li>
    <li
      class="sc-eCYdqJ cFmtgd"
    >
      <p
        class="Text__StyledP-sc-5vvbrk-0 Text___StyledStyledP-sc-5vvbrk-1  eCkNBf sc-jSMfEi hXOZLi"
      >
        タイトル10 タイトル10 タイトル10 タイトル10 タイトル10 タイトル10 タイトル10 タイトル10 タイトル10 タイトル10 
      </p>
      <div
        class="sc-gKXOVf leZrje"
      >
        <button
          class="Button__StyledButton-sc-mes1hd-0 Button___StyledStyledButton-sc-mes1hd-1 fxBFHR gDeoTZ"
          type="button"
        >
          <span
            class="material-icons md-18"
          >
            edit
          </span>
        </button>
        <button
          class="Button__StyledButton-sc-mes1hd-0 Button___StyledStyledButton-sc-mes1hd-1 fxBFHR gDeoTZ"
          type="button"
        >
          <span
            class="material-icons md-18"
          >
            delete
          </span>
        </button>
      </div>
    </li>
    <li
      class="sc-eCYdqJ cFmtgd"
    >
      <p
        class="Text__StyledP-sc-5vvbrk-0 Text___StyledStyledP-sc-5vvbrk-1  hdfbys sc-jSMfEi hXOZLi"
      >
        タイトル11 タイトル11 タイトル11 タイトル11 タイトル11 タイトル11 タイトル11 タイトル11 タイトル11 タイトル11 
      </p>
      <div
        class="sc-gKXOVf leZrje"
      >
        <button
          class="Button__StyledButton-sc-mes1hd-0 Button___StyledStyledButton-sc-mes1hd-1 fxBFHR gDeoTZ"
          type="button"
        >
          <span
            class="material-icons md-18"
          >
            edit
          </span>
        </button>
        <button
          class="Button__StyledButton-sc-mes1hd-0 Button___StyledStyledButton-sc-mes1hd-1 fxBFHR gDeoTZ"
          type="button"
        >
          <span
            class="material-icons md-18"
          >
            delete
          </span>
        </button>
      </div>
    </li>
    <li
      class="sc-eCYdqJ cFmtgd"
    >
      <p
        class="Text__StyledP-sc-5vvbrk-0 Text___StyledStyledP-sc-5vvbrk-1  hdfbys sc-jSMfEi hXOZLi"
      >
        タイトル12 タイトル12 タイトル12 タイトル12 タイトル12 タイトル12 タイトル12 タイトル12 タイトル12 タイトル12 
      </p>
      <div
        class="sc-gKXOVf leZrje"
      >
        <button
          class="Button__StyledButton-sc-mes1hd-0 Button___StyledStyledButton-sc-mes1hd-1 fxBFHR gDeoTZ"
          type="button"
        >
          <span
            class="material-icons md-18"
          >
            edit
          </span>
        </button>
        <button
          class="Button__StyledButton-sc-mes1hd-0 Button___StyledStyledButton-sc-mes1hd-1 fxBFHR gDeoTZ"
          type="button"
        >
          <span
            class="material-icons md-18"
          >
            delete
          </span>
        </button>
      </div>
    </li>
    <li
      class="sc-eCYdqJ cFmtgd"
    >
      <p
        class="Text__StyledP-sc-5vvbrk-0 Text___StyledStyledP-sc-5vvbrk-1  hdfbys sc-jSMfEi hXOZLi"
      >
        タイトル13 タイトル13 タイトル13 タイトル13 タイトル13 タイトル13 タイトル13 タイトル13 タイトル13 タイトル13 
      </p>
      <div
        class="sc-gKXOVf leZrje"
      >
        <button
          class="Button__StyledButton-sc-mes1hd-0 Button___StyledStyledButton-sc-mes1hd-1 fxBFHR gDeoTZ"
          type="button"
        >
          <span
            class="material-icons md-18"
          >
            edit
          </span>
        </button>
        <button
          class="Button__StyledButton-sc-mes1hd-0 Button___StyledStyledButton-sc-mes1hd-1 fxBFHR gDeoTZ"
          type="button"
        >
          <span
            class="material-icons md-18"
          >
            delete
          </span>
        </button>
      </div>
    </li>
    <li
      class="sc-eCYdqJ cFmtgd"
    >
      <p
        class="Text__StyledP-sc-5vvbrk-0 Text___StyledStyledP-sc-5vvbrk-1  hdfbys sc-jSMfEi hXOZLi"
      >
        タイトル14 タイトル14 タイトル14 タイトル14 タイトル14 タイトル14 タイトル14 タイトル14 タイトル14 タイトル14 
      </p>
      <div
        class="sc-gKXOVf leZrje"
      >
        <button
          class="Button__StyledButton-sc-mes1hd-0 Button___StyledStyledButton-sc-mes1hd-1 fxBFHR gDeoTZ"
          type="button"
        >
          <span
            class="material-icons md-18"
          >
            edit
          </span>
        </button>
        <button
          class="Button__StyledButton-sc-mes1hd-0 Button___StyledStyledButton-sc-mes1hd-1 fxBFHR gDeoTZ"
          type="button"
        >
          <span
            class="material-icons md-18"
          >
            delete
          </span>
        </button>
      </div>
    </li>
    <li
      class="sc-eCYdqJ cFmtgd"
    >
      <p
        class="Text__StyledP-sc-5vvbrk-0 Text___StyledStyledP-sc-5vvbrk-1  hdfbys sc-jSMfEi hXOZLi"
      >
        タイトル15 タイトル15 タイトル15 タイトル15 タイトル15 タイトル15 タイトル15 タイトル15 タイトル15 タイトル15 
      </p>
      <div
        class="sc-gKXOVf leZrje"
      >
        <button
          class="Button__StyledButton-sc-mes1hd-0 Button___StyledStyledButton-sc-mes1hd-1 fxBFHR gDeoTZ"
          type="button"
        >
          <span
            class="material-icons md-18"
          >
            edit
          </span>
        </button>
        <button
          class="Button__StyledButton-sc-mes1hd-0 Button___StyledStyledButton-sc-mes1hd-1 fxBFHR gDeoTZ"
          type="button"
        >
          <span
            class="material-icons md-18"
          >
            delete
          </span>
        </button>
      </div>
    </li>
    <li
      class="sc-eCYdqJ cFmtgd"
    >
      <p
        class="Text__StyledP-sc-5vvbrk-0 Text___StyledStyledP-sc-5vvbrk-1  hdfbys sc-jSMfEi hXOZLi"
      >
        タイトル16 タイトル16 タイトル16 タイトル16 タイトル16 タイトル16 タイトル16 タイトル16 タイトル16 タイトル16 
      </p>
      <div
        class="sc-gKXOVf leZrje"
      >
        <button
          class="Button__StyledButton-sc-mes1hd-0 Button___StyledStyledButton-sc-mes1hd-1 fxBFHR gDeoTZ"
          type="button"
        >
          <span
            class="material-icons md-18"
          >
            edit
          </span>
        </button>
        <button
          class="Button__StyledButton-sc-mes1hd-0 Button___StyledStyledButton-sc-mes1hd-1 fxBFHR gDeoTZ"
          type="button"
        >
          <span
            class="material-icons md-18"
          >
            delete
          </span>
        </button>
      </div>
    </li>
    <li
      class="sc-eCYdqJ cFmtgd"
    >
      <p
        class="Text__StyledP-sc-5vvbrk-0 Text___StyledStyledP-sc-5vvbrk-1  hdfbys sc-jSMfEi hXOZLi"
      >
        タイトル17 タイトル17 タイトル17 タイトル17 タイトル17 タイトル17 タイトル17 タイトル17 タイトル17 タイトル17 
      </p>
      <div
        class="sc-gKXOVf leZrje"
      >
        <button
          class="Button__StyledButton-sc-mes1hd-0 Button___StyledStyledButton-sc-mes1hd-1 fxBFHR gDeoTZ"
          type="button"
        >
          <span
            class="material-icons md-18"
          >
            edit
          </span>
        </button>
        <button
          class="Button__StyledButton-sc-mes1hd-0 Button___StyledStyledButton-sc-mes1hd-1 fxBFHR gDeoTZ"
          type="button"
        >
          <span
            class="material-icons md-18"
          >
            delete
          </span>
        </button>
      </div>
    </li>
    <li
      class="sc-eCYdqJ cFmtgd"
    >
      <p
        class="Text__StyledP-sc-5vvbrk-0 Text___StyledStyledP-sc-5vvbrk-1  hdfbys sc-jSMfEi hXOZLi"
      >
        タイトル18 タイトル18 タイトル18 タイトル18 タイトル18 タイトル18 タイトル18 タイトル18 タイトル18 タイトル18 
      </p>
      <div
        class="sc-gKXOVf leZrje"
      >
        <button
          class="Button__StyledButton-sc-mes1hd-0 Button___StyledStyledButton-sc-mes1hd-1 fxBFHR gDeoTZ"
          type="button"
        >
          <span
            class="material-icons md-18"
          >
            edit
          </span>
        </button>
        <button
          class="Button__StyledButton-sc-mes1hd-0 Button___StyledStyledButton-sc-mes1hd-1 fxBFHR gDeoTZ"
          type="button"
        >
          <span
            class="material-icons md-18"
          >
            delete
          </span>
        </button>
      </div>
    </li>
    <li
      class="sc-eCYdqJ cFmtgd"
    >
      <p
        class="Text__StyledP-sc-5vvbrk-0 Text___StyledStyledP-sc-5vvbrk-1  hdfbys sc-jSMfEi hXOZLi"
      >
        タイトル19 タイトル19 タイトル19 タイトル19 タイトル19 タイトル19 タイトル19 タイトル19 タイトル19 タイトル19 
      </p>
      <div
        class="sc-gKXOVf leZrje"
      >
        <button
          class="Button__StyledButton-sc-mes1hd-0 Button___StyledStyledButton-sc-mes1hd-1 fxBFHR gDeoTZ"
          type="button"
        >
          <span
            class="material-icons md-18"
          >
            edit
          </span>
        </button>
        <button
          class="Button__StyledButton-sc-mes1hd-0 Button___StyledStyledButton-sc-mes1hd-1 fxBFHR gDeoTZ"
          type="button"
        >
          <span
            class="material-icons md-18"
          >
            delete
          </span>
        </button>
      </div>
    </li>
    <li
      class="sc-eCYdqJ cFmtgd"
    >
      <p
        class="Text__StyledP-sc-5vvbrk-0 Text___StyledStyledP-sc-5vvbrk-1  hdfbys sc-jSMfEi hXOZLi"
      >
        タイトル20 タイトル20 タイトル20 タイトル20 タイトル20 タイトル20 タイトル20 タイトル20 タイトル20 タイトル20 
      </p>
      <div
        class="sc-gKXOVf leZrje"
      >
        <button
          class="Button__StyledButton-sc-mes1hd-0 Button___StyledStyledButton-sc-mes1hd-1 fxBFHR gDeoTZ"
          type="button"
        >
          <span
            class="material-icons md-18"
          >
            edit
          </span>
        </button>
        <button
          class="Button__StyledButton-sc-mes1hd-0 Button___StyledStyledButton-sc-mes1hd-1 fxBFHR gDeoTZ"
          type="button"
        >
          <span
            class="material-icons md-18"
          >
            delete
          </span>
        </button>
      </div>
    </li>
  </ul>
</DocumentFragment>
`;
