// Jest Snapshot v1, https://goo.gl/fbAQLP

exports[`snapshot Default should render correctly 1`] = `
<DocumentFragment>
  <div
    style="max-width: 170px; margin: auto;"
  >
    <div
      class="Paper__StyledDiv-sc-eiawt3-0 Paper___StyledStyledDiv-sc-eiawt3-1 mEzeE bmTVqN"
    >
      <span
        class="material-icons md-18 md-dark"
      >
        work
      </span>
      <div
        class="sc-eCYdqJ cAgjmv"
      >
        <div
          class="sc-jSMfEi hssCBj"
        >
          <p
            class="Text__StyledP-sc-5vvbrk-0 Text___StyledStyledP-sc-5vvbrk-1  dUAuAw"
          >
            sample
          </p>
          <p
            class="Text__StyledP-sc-5vvbrk-0 Text___StyledStyledP-sc-5vvbrk-1  dWklBv"
          >
            25
            <span
              class="sc-iBkjds kBmmsz"
            >
              min
            </span>
          </p>
        </div>
        <div
          class="sc-hKMtZM QPW"
        >
          <button
            class="Button__StyledButton-sc-mes1hd-0 Button___StyledStyledButton-sc-mes1hd-1 fxBFHR Nbszd"
            type="button"
          >
            <span
              class="material-icons"
            >
              arrow_drop_up
            </span>
          </button>
          <button
            class="Button__StyledButton-sc-mes1hd-0 Button___StyledStyledButton-sc-mes1hd-1 fxBFHR Nbszd"
            type="button"
          >
            <span
              class="material-icons"
            >
              arrow_drop_down
            </span>
          </button>
        </div>
      </div>
    </div>
  </div>
</DocumentFragment>
`;
