// Jest Snapshot v1, https://goo.gl/fbAQLP

exports[`HeaderNav snapshot 1`] = `
<DocumentFragment>
  <nav>
    <ul
      class="sc-jSMfEi jKjJRm"
    >
      <li
        class="sc-gKXOVf fBsqaN"
        content="Notifications"
      >
        <button
          class="Button__StyledButton-sc-mes1hd-0 Button___StyledStyledButton-sc-mes1hd-1 fxBFHR giwsdR"
          type="button"
        >
          <span
            class="material-icons"
          >
            notifications
          </span>
        </button>
      </li>
      <li
        class="sc-gKXOVf eolRlC"
        content="Help"
      >
        <button
          class="Button__StyledButton-sc-mes1hd-0 Button___StyledStyledButton-sc-mes1hd-1 fxBFHR giwsdR"
          type="button"
        >
          <span
            class="material-icons"
          >
            help
          </span>
        </button>
      </li>
      <li
        class="sc-gKXOVf hEmuLw"
        content="Login"
      >
        <button
          class="Button__StyledButton-sc-mes1hd-0 Button___StyledStyledButton-sc-mes1hd-1 fxBFHR giwsdR"
          type="button"
        >
          <span
            class="material-icons"
          >
            login
          </span>
        </button>
      </li>
    </ul>
  </nav>
</DocumentFragment>
`;
