// Jest Snapshot v1, https://goo.gl/fbAQLP

exports[`TaskConfig snapshot 1`] = `
<DocumentFragment>
  <div
    class="Paper__StyledDiv-sc-eiawt3-0 Paper___StyledStyledDiv-sc-eiawt3-1 mEzeE jtvgsP"
  >
    <div
      class="sc-iqcoie fsEkEQ"
    >
      <p
        class="Text__StyledP-sc-5vvbrk-0 Text___StyledStyledP-sc-5vvbrk-1  fJrVjR"
      >
        Current Task:
      </p>
      <div
        class="sc-crXcEl dCLyxC"
      >
        <p
          class="Text__StyledP-sc-5vvbrk-0 Text___StyledStyledP-sc-5vvbrk-1  bTPdKs sc-evZas hUqDwN"
        />
      </div>
    </div>
    <div
      class="sc-jqUVSM fFnBQh"
    >
      <input
        class="Input__StyledInput-sc-1uzn9jx-0 Input___StyledStyledInput-sc-1uzn9jx-1 iioXxK hquitd"
        placeholder="New Task's Title"
        type="text"
        value=""
      />
      <button
        class="Button__StyledButton-sc-mes1hd-0 Button___StyledStyledButton-sc-mes1hd-1 fxBFHR kQFxcF"
        type="button"
      >
        <span
          class="material-icons"
        >
          keyboard_arrow_right
        </span>
      </button>
    </div>
    <ul
      class="sc-hKMtZM fpRUCO"
    >
      <li
        class="sc-eCYdqJ cFmtgd"
      >
        <p
          class="Text__StyledP-sc-5vvbrk-0 Text___StyledStyledP-sc-5vvbrk-1  hdfbys sc-jSMfEi hXOZLi"
        />
        <div
          class="sc-gKXOVf leZrje"
        >
          <button
            class="Button__StyledButton-sc-mes1hd-0 Button___StyledStyledButton-sc-mes1hd-1 fxBFHR gDeoTZ sc-iBkjds sc-ftvSup ktRQxh gaaHkb"
            type="button"
          >
            <span
              class="material-icons md-18"
            >
              edit
            </span>
          </button>
          <button
            class="Button__StyledButton-sc-mes1hd-0 Button___StyledStyledButton-sc-mes1hd-1 fxBFHR gDeoTZ sc-iBkjds sc-papXJ ktRQxh kyaaa-D"
            type="button"
          >
            <span
              class="material-icons md-18"
            >
              delete
            </span>
          </button>
        </div>
      </li>
    </ul>
  </div>
</DocumentFragment>
`;
